<!doctype html public "-//w3c//dtd html 4.0 transitional//en">
<html><head>
<title>Static Call Graph - [C:/Users/wyx12/Documents/SoftwareProjects/MCU/stm32f103c8t6_bluepill/C_type/004ARM/004firstProgram/led_asm_demo/build/led_asm_demo.elf]</title></head>
<body><HR>
<H1>Static Call Graph for image C:/Users/wyx12/Documents/SoftwareProjects/MCU/stm32f103c8t6_bluepill/C_type/004ARM/004firstProgram/led_asm_demo/build/led_asm_demo.elf</H1><HR>
<BR><P>#&#060CALLGRAPH&#062# ARM Linker, 5060960: Last Updated: Thu Feb 06 11:33:52 2025
<BR><P>
<H3>Maximum Stack Usage =          0 bytes + Unknown(Untraceable Function Pointers)</H3><H3>
Call chain for Maximum Stack Depth:</H3>

<P>
<H3>
Function Pointers
</H3><UL>
 <LI><a href="#[1]">Reset_Handler</a> from start.o(.text) referenced from start.o(RESET)
</UL>
<P>
<H3>
Global Symbols
</H3>
<P><STRONG><a name="[1]"></a>Reset_Handler</STRONG> (Thumb, 52 bytes, Stack size 0 bytes, start.o(.text))
<P>
<H3>
Local Symbols
</H3><P>
<H3>
Undefined Global Symbols
</H3><HR></body></html>
