Component: ARM Compiler 5.06 update 7 (build 960) Tool: armlink [4d3601]

==============================================================================

Section Cross References

    main.o(i.mymain) refers to uart.o(i.uart_init) for uart_init
    main.o(i.mymain) refers to main.o(i.delay) for delay
    main.o(i.mymain) refers to uart.o(i.putchar) for putchar
    main.o(i.mymain) refers to stringtool.o(i.put_s_hex) for put_s_hex
    main.o(i.mymain) refers to uart.o(i.getchar) for getchar
    main.o(i.mymain) refers to main.o(.data) for g_char
    main.o(i.mymain) refers to main.o(.constdata) for g_char2
    main.o(i.mymain) refers to main.o(.bss) for g_A
    stringtool.o(i.put_s_hex) refers to stringtool.o(i.puts) for puts
    stringtool.o(i.put_s_hex) refers to stringtool.o(i.puthex) for puthex
    stringtool.o(i.puthex) refers to stringtool.o(i.puts) for puts
    stringtool.o(i.puthex) refers to uart.o(i.putchar) for putchar
    stringtool.o(i.puts) refers to uart.o(i.putchar) for putchar
    start.o(.text) refers to stringtool.o(i.memcpy) for memcpy
    start.o(.text) refers to stringtool.o(i.memset) for memset
    start.o(.text) refers to main.o(i.mymain) for mymain


==============================================================================

Image Symbol Table

    Local Symbols

    Symbol Name                              Value     Ov Type        Size  Object(Section)

    main.c                                   0x00000000   Number         0  main.o ABSOLUTE
    start.s                                  0x00000000   Number         0  start.o ABSOLUTE
    stringtool.c                             0x00000000   Number         0  stringtool.o ABSOLUTE
    uart.c                                   0x00000000   Number         0  uart.o ABSOLUTE
    RESET                                    0x20000000   Section        8  start.o(RESET)
    .text                                    0x20000008   Section       64  start.o(.text)
    i.delay                                  0x20000048   Section        0  main.o(i.delay)
    i.getchar                                0x20000058   Section        0  uart.o(i.getchar)
    i.memcpy                                 0x20000070   Section        0  stringtool.o(i.memcpy)
    i.memset                                 0x2000008a   Section        0  stringtool.o(i.memset)
    i.mymain                                 0x200000a0   Section        0  main.o(i.mymain)
    i.put_s_hex                              0x200001d8   Section        0  stringtool.o(i.put_s_hex)
    i.putchar                                0x200001f8   Section        0  uart.o(i.putchar)
    i.puthex                                 0x20000210   Section        0  stringtool.o(i.puthex)
    i.puts                                   0x20000254   Section        0  stringtool.o(i.puts)
    i.uart_init                              0x2000026c   Section        0  uart.o(i.uart_init)
    .constdata                               0x200002bc   Section        1  main.o(.constdata)
    .data                                    0x200002c0   Section        1  main.o(.data)
    .bss                                     0x200002c4   Section      192  main.o(.bss)
    s_C                                      0x20000344   Data          64  main.o(.bss)

    Global Symbols

    Symbol Name                              Value     Ov Type        Size  Object(Section)

    BuildAttributes$$THM_ISAv4$P$D$K$B$S$PE$A:L22UL41UL21$X:L11$S22US41US21$IEEE1$IW$USESV6$~STKCKD$USESV7$~SHL$OSPACE$EBA8$STANDARDLIB$REQ8$PRES8$EABIv2 0x00000000   Number         0  anon$$obj.o ABSOLUTE
    Image$$RW_IRAM1$$Length                  0x00000004   Number         0  anon$$obj.o ABSOLUTE
    Image$$RW_IRAM1$$ZI$$Length              0x000000c0   Number         0  anon$$obj.o ABSOLUTE
    Load$$RW_IRAM1$$Base                     0x080002c0   Number         0  anon$$obj.o ABSOLUTE
    __Vectors                                0x20000000   Data           4  start.o(RESET)
    Reset_Handler                            0x20000009   Thumb Code    34  start.o(.text)
    delay                                    0x20000049   Thumb Code    16  main.o(i.delay)
    getchar                                  0x20000059   Thumb Code    18  uart.o(i.getchar)
    memcpy                                   0x20000071   Thumb Code    26  stringtool.o(i.memcpy)
    memset                                   0x2000008b   Thumb Code    20  stringtool.o(i.memset)
    mymain                                   0x200000a1   Thumb Code   202  main.o(i.mymain)
    put_s_hex                                0x200001d9   Thumb Code    26  stringtool.o(i.put_s_hex)
    putchar                                  0x200001f9   Thumb Code    18  uart.o(i.putchar)
    puthex                                   0x20000211   Thumb Code    62  stringtool.o(i.puthex)
    puts                                     0x20000255   Thumb Code    22  stringtool.o(i.puts)
    uart_init                                0x2000026d   Thumb Code    68  uart.o(i.uart_init)
    g_char2                                  0x200002bc   Data           1  main.o(.constdata)
    Image$$RW_IRAM1$$Base                    0x200002c0   Number         0  anon$$obj.o ABSOLUTE
    g_char                                   0x200002c0   Data           1  main.o(.data)
    Image$$RW_IRAM1$$ZI$$Base                0x200002c4   Number         0  anon$$obj.o ABSOLUTE
    g_A                                      0x200002c4   Data          64  main.o(.bss)
    g_B                                      0x20000304   Data          64  main.o(.bss)



==============================================================================

Memory Map of the image

  Image entry point : Not specified.

  Load Region LR_IROM1 (Base: 0x08000000, Size: 0x000002c4, Max: 0x00080000, ABSOLUTE)

    Execution Region ER_IROM1 (Exec base: 0x20000000, Load base: 0x08000000, Size: 0x000002c0, Max: 0xffffffff, ABSOLUTE)

    Exec Addr    Load Addr    Size         Type   Attr      Idx    E Section Name        Object

    0x20000000   0x08000000   0x00000008   Data   RO           92    RESET               start.o
    0x20000008   0x08000008   0x00000040   Code   RO           93    .text               start.o
    0x20000048   0x08000048   0x00000010   Code   RO            1    i.delay             main.o
    0x20000058   0x08000058   0x00000018   Code   RO           68    i.getchar           uart.o
    0x20000070   0x08000070   0x0000001a   Code   RO           32    i.memcpy            stringtool.o
    0x2000008a   0x0800008a   0x00000014   Code   RO           33    i.memset            stringtool.o
    0x2000009e   0x0800009e   0x00000002   PAD
    0x200000a0   0x080000a0   0x00000138   Code   RO            2    i.mymain            main.o
    0x200001d8   0x080001d8   0x00000020   Code   RO           34    i.put_s_hex         stringtool.o
    0x200001f8   0x080001f8   0x00000018   Code   RO           69    i.putchar           uart.o
    0x20000210   0x08000210   0x00000044   Code   RO           35    i.puthex            stringtool.o
    0x20000254   0x08000254   0x00000016   Code   RO           36    i.puts              stringtool.o
    0x2000026a   0x0800026a   0x00000002   PAD
    0x2000026c   0x0800026c   0x00000050   Code   RO           70    i.uart_init         uart.o
    0x200002bc   0x080002bc   0x00000001   Data   RO            4    .constdata          main.o


    Execution Region RW_IRAM1 (Exec base: 0x200002c0, Load base: 0x080002c0, Size: 0x000000c4, Max: 0xffffffff, ABSOLUTE)

    Exec Addr    Load Addr    Size         Type   Attr      Idx    E Section Name        Object

    0x200002c0   0x080002c0   0x00000001   Data   RW            5    .data               main.o
    0x200002c1   0x080002c1   0x00000003   PAD
    0x200002c4        -       0x000000c0   Zero   RW            3    .bss                main.o


==============================================================================

Image component sizes


      Code (inc. data)   RO Data    RW Data    ZI Data      Debug   Object Name

       328        110          1          1        192       3422   main.o
        64         30          8          0          0        420   start.o
       168         12          0          0          0       3126   stringtool.o
       128         24          0          0          0       2176   uart.o

    ----------------------------------------------------------------------
       692        176         12          4        192       9144   Object Totals
         0          0          0          0          0          0   (incl. Generated)
         4          0          3          3          0          0   (incl. Padding)

    ----------------------------------------------------------------------
         0          0          0          0          0          0   Library Totals
         0          0          0          0          0          0   (incl. Padding)

    ----------------------------------------------------------------------

==============================================================================


      Code (inc. data)   RO Data    RW Data    ZI Data      Debug   

       692        176         12          4        192       8832   Grand Totals
       692        176         12          4        192       8832   ELF Image Totals
       692        176         12          4          0          0   ROM Totals

==============================================================================

    Total RO  Size (Code + RO Data)                  704 (   0.69kB)
    Total RW  Size (RW Data + ZI Data)               196 (   0.19kB)
    Total ROM Size (Code + RO Data + RW Data)        708 (   0.69kB)

==============================================================================

