Component: ARM Compiler 5.06 update 7 (build 960) Tool: armlink [4d3601]

==============================================================================

Section Cross References

    main.o(i.mymain) refers to main.o(i.delay) for delay
    start.o(RESET) refers to start.o(.text) for Reset_Handler
    start.o(.text) refers to main.o(i.mymain) for mymain


==============================================================================

Image Symbol Table

    Local Symbols

    Symbol Name                              Value     Ov Type        Size  Object(Section)

    C:\Users\wyx12\Documents\SoftwareProjects\MCU\stm32f103c8t6_bluepill\C_type\004ARM\004firstProgram\led_demo\main.c 0x00000000   Number         0  main.o ABSOLUTE
    C:\Users\wyx12\Documents\SoftwareProjects\MCU\stm32f103c8t6_bluepill\C_type\004ARM\004firstProgram\led_demo\start.s 0x00000000   Number         0  start.o ABSOLUTE
    RESET                                    0x08000000   Section        8  start.o(RESET)
    .text                                    0x08000008   Section       12  start.o(.text)
    i.delay                                  0x08000014   Section        0  main.o(i.delay)
    i.mymain                                 0x08000028   Section        0  main.o(i.mymain)

    Global Symbols

    Symbol Name                              Value     Ov Type        Size  Object(Section)

    BuildAttributes$$THM_ISAv4$P$D$K$B$S$PE$A:L22UL41UL21$X:L11$S22US41US21$IEEE1$IW$USESV6$~STKCKD$USESV7$~SHL$OSPACE$EBA8$STANDARDLIB$REQ8$PRES8$EABIv2 0x00000000   Number         0  anon$$obj.o ABSOLUTE
    __Vectors                                0x08000000   Data           4  start.o(RESET)
    Reset_Handler                            0x08000009   Thumb Code     8  start.o(.text)
    delay                                    0x08000015   Thumb Code    18  main.o(i.delay)
    mymain                                   0x08000029   Thumb Code    56  main.o(i.mymain)



==============================================================================

Memory Map of the image

  Image Entry point : 0x08000009

  Load Region LR_1 (Base: 0x08000000, Size: 0x0000006c, Max: 0xffffffff, ABSOLUTE)

    Execution Region ER_RO (Base: 0x08000000, Size: 0x0000006c, Max: 0xffffffff, ABSOLUTE)

    Base Addr    Size         Type   Attr      Idx    E Section Name        Object

    0x08000000   0x00000008   Data   RO           20    RESET               start.o
    0x08000008   0x0000000c   Code   RO           21  * .text               start.o
    0x08000014   0x00000012   Code   RO            1    i.delay             main.o
    0x08000026   0x00000002   PAD
    0x08000028   0x00000044   Code   RO            2    i.mymain            main.o


    Execution Region ER_RW (Base: 0x20000000, Size: 0x00000000, Max: 0xffffffff, ABSOLUTE)

    **** No section assigned to this execution region ****


    Execution Region ER_ZI (Base: 0x20000000, Size: 0x00000000, Max: 0xffffffff, ABSOLUTE)

    **** No section assigned to this execution region ****

